// Jest Snapshot v1, https://goo.gl/fbAQLP

exports[`Menu component renders without error 1`] = `
<ul
  className="Menu "
/>
`;
