// Jest Snapshot v1, https://goo.gl/fbAQLP

exports[`Form component renders without error 1`] = `
<form
  className="Form"
/>
`;
