// Jest Snapshot v1, https://goo.gl/fbAQLP

exports[`BoardsList component renders without error 1`] = `
<ol
  className="BoardsList"
/>
`;
