// Jest Snapshot v1, https://goo.gl/fbAQLP

exports[`Error component renders without error 1`] = `
<p
  className="Error"
/>
`;
