// Jest Snapshot v1, https://goo.gl/fbAQLP

exports[`App component renders without error 1`] = `
<Fragment>
  <ContextProvider
    value={
      Object {
        "addBoard": [Function],
        "addCard": [Function],
        "addTeam": [Function],
        "addTeamMember": [Function],
        "boards": Array [
          Object {
            "cards": Array [
              Object {
                "category": 1,
                "created_at": 2021-05-10T08:34:35.987Z,
                "created_by": Object {
                  "id": "287cd92d-b224-4d73-9a3f-9b6fdfdc26bbbc0f",
                  "name": "Ryan Chase",
                },
                "headline": "numquam cum nulla",
                "id": "238671c5-eeb3-4asdfafdc8-a5a4-f39fda7de8990e",
                "modified_at": 2021-05-11T22:59:44.189Z,
                "text": "Occaecati similique est. Et id quidem sequi sint non a non sapiente. Vitae quod et sed fuga maiores maxime aut consectetur dolor. Molestiae tempore accusantium necessitatibus et dolorum.",
              },
              Object {
                "category": 1,
                "created_at": 2020-08-13T00:56:36.640Z,
                "created_by": Object {
                  "id": "238671c5-eeewrb3-4dc8-a5a4-f39fda7de8990e",
                  "name": "Guido Orn",
                },
                "headline": "accusantium atque accusantium",
                "id": "238671c5-eeb3-4qqewqdc8-a5a4-f39fda7de8990e",
                "modified_at": 2021-05-11T22:56:33.014Z,
                "text": "Voluptas a est quos dolores. Quae dolores et id sed in accusantium sunt. In est aut beatae doloribus possimus. Dolorem placeat delectus quia.",
              },
              Object {
                "category": 1,
                "created_at": 2021-01-12T02:43:36.873Z,
                "created_by": Object {
                  "id": "238671c5jur-eeb3-4dc8-a5a4-f39fda7de8990e",
                  "name": "Dandre Nolan",
                },
                "headline": "fugit ut culpa",
                "id": "238671c5-eeb3-4dc8-a5a4-f39rjrjfda7de8990e",
                "modified_at": 2021-05-11T19:43:58.612Z,
                "text": "Eum sapiente rem sunt quo. Nesciunt animi assumenda totam quam id corporis laboriosam mollitia. Accusamus veritatis aperiam necessitatibus harum nihil voluptate nisi. Ullam culpa praesentium quod porro et deleniti nesciunt. Magnam eum harum ut aut quis explicabo aut ipsum ut.",
              },
              Object {
                "category": 1,
                "created_at": 2020-12-15T11:59:13.092Z,
                "created_by": Object {
                  "id": "238671c5-eeb3-4jurudc8-a5a4-f39fda7de8990e",
                  "name": "Ferne Schmeler",
                },
                "headline": "provident harum ut",
                "id": "238671c5-eebujrrju3-4dc8-a5a4-f39fda7de8990e",
                "modified_at": 2021-05-11T19:41:45.917Z,
                "text": "Expedita dolor quae. Quia corporis quod consequatur optio ut porro dolorem. Necessitatibus incidunt voluptas quibusdam quaerat qui suscipit. Facilis quis numquam odio.",
              },
              Object {
                "category": 2,
                "created_at": 2020-05-23T21:58:41.560Z,
                "created_by": Object {
                  "id": "238671c5-eedasfab3-4dc8-a5a4-f39fda7de8990e",
                  "name": "Nick MacGyver",
                },
                "headline": "consequatur qui sed",
                "id": "238671c5-eeb3-4dc8-a5dafaa4-f39fda7de8990e",
                "modified_at": 2021-05-11T07:21:55.460Z,
                "text": "Impedit dolor officiis ipsum. At ipsa aut enim repudiandae esse veniam ut consequatur.",
              },
              Object {
                "category": 2,
                "created_at": 2020-12-03T18:51:23.360Z,
                "created_by": Object {
                  "id": "238671c5-eeb3-4dytrc8-a5a4-f39fda7de8990e",
                  "name": "Cristopher Heaney",
                },
                "headline": "in consectetur quis",
                "id": "238671c5-eerwewetb3-4dc8-a5a4-f39fda7de8990e",
                "modified_at": 2021-05-11T17:13:20.991Z,
                "text": "Quas impedit autem error consequatur libero qui et exercitationem. Aut quasi doloribus quis facere qui dolorum. Suscipit molestiae ratione harum et eos incidunt ad. Perspiciatis quisquam esse aliquam.",
              },
              Object {
                "category": 4,
                "created_at": 2020-10-31T01:10:11.730Z,
                "created_by": Object {
                  "id": "238671c5-eebytey3-4dc8-a5a4-f39fda7de8990e",
                  "name": "Destany Prosacco",
                },
                "headline": "eaque repellendus quos",
                "id": "238671c5-eeb3-4dtryeytrc8-a5a4-f39fda7de8990e",
                "modified_at": 2021-05-11T17:17:44.280Z,
                "text": "Laborum sunt dolores voluptas asperiores eaque maiores ut. Enim sunt delectus enim non quam maiores minus ut. Fugiat harum sapiente accusantium sed.",
              },
              Object {
                "category": 4,
                "created_at": 2021-02-26T22:06:41.829Z,
                "created_by": Object {
                  "id": "287cd92d-b224-4d73-9a3f-9b6fdfdc26bbbc0f",
                  "name": "Ryan Chase",
                },
                "headline": "labore magni illum",
                "id": "238671c5-eeb3-4dcdsfddsg8-a5a4-f39fda7de8990e",
                "modified_at": 2021-05-11T13:52:55.452Z,
                "text": "Vel cum id. Consequuntur incidunt dolor. Omnis non reprehenderit eos necessitatibus vel rem nemo. Dicta ut reprehenderit dignissimos.",
              },
            ],
            "created_at": 2020-12-26T22:26:14.403Z,
            "id": "800f3047-0054-4146-affsb7a-e06bf86f0868",
            "modified_at": 2021-05-11T11:19:14.904Z,
            "name": "Team Name Pending Retrio Board",
            "owner_id": "287cd92d-b224-4d73-9a3f-9b6fdfdc26bbbc0f",
            "team_id": "0c36af8f-4b3b-4f7ee-9491-c3d6396f1136",
          },
          Object {
            "cards": Array [
              Object {
                "category": 1,
                "created_at": 2020-09-28T05:05:04.633Z,
                "created_by": Object {
                  "id": "287cd92d-b224-4d73-9a3f-9b6fdfdc26bbbc0f",
                  "name": "Ryan Chase",
                },
                "headline": "aut fugit qui",
                "id": "238671c5-eeb3-4asdfafdc8-a5a4-f39fda7de8990e",
                "modified_at": 2021-05-11T02:35:03.315Z,
                "text": "In fugiat at in quia aperiam maiores id sit. Ex minima incidunt. Rem neque delectus minus rerum voluptatem labore eveniet. Consequatur molestiae eveniet nihil.",
              },
              Object {
                "category": 1,
                "created_at": 2020-12-04T02:59:13.381Z,
                "created_by": Object {
                  "id": "238671c5-eeewrb3-4dc8-a5a4-f39fda7de8990e",
                  "name": "Luisa Gorczany",
                },
                "headline": "voluptas est repellendus",
                "id": "238671c5-eeb3-4qqewqdc8-a5a4-f39fda7de8990e",
                "modified_at": 2021-05-11T21:14:38.868Z,
                "text": "Neque consectetur ut architecto facere praesentium. Qui inventore voluptatum velit nam magni error.",
              },
              Object {
                "category": 1,
                "created_at": 2020-06-02T13:52:01.899Z,
                "created_by": Object {
                  "id": "238671c5jur-eeb3-4dc8-a5a4-f39fda7de8990e",
                  "name": "Wiley Durgan",
                },
                "headline": "aliquam saepe id",
                "id": "238671c5-eeb3-4dc8-a5a4-f39rjrjfda7de8990e",
                "modified_at": 2021-05-11T22:54:43.115Z,
                "text": "Dolorem unde et quia et. Dolorem dolorem perspiciatis quia dolores accusantium. At illo ipsa totam dolores dolore minus porro. Optio a sapiente harum et tempora.",
              },
              Object {
                "category": 1,
                "created_at": 2021-04-10T15:01:24.008Z,
                "created_by": Object {
                  "id": "238671c5-eeb3-4jurudc8-a5a4-f39fda7de8990e",
                  "name": "Alena Kunze",
                },
                "headline": "officia maiores nostrum",
                "id": "238671c5-eebujrrju3-4dc8-a5a4-f39fda7de8990e",
                "modified_at": 2021-05-11T21:10:00.610Z,
                "text": "Ad odio vel aliquid. Pariatur sit inventore maiores qui. Hic maiores delectus et aperiam id doloribus libero quia. Voluptatum ab veritatis velit rerum aut assumenda amet vel. Quibusdam minus adipisci sit quia fuga sunt sunt qui.",
              },
              Object {
                "category": 2,
                "created_at": 2021-04-08T05:59:33.612Z,
                "created_by": Object {
                  "id": "238671c5-eedasfab3-4dc8-a5a4-f39fda7de8990e",
                  "name": "Kamron Russel",
                },
                "headline": "odit ratione omnis",
                "id": "238671c5-eeb3-4dc8-a5dafaa4-f39fda7de8990e",
                "modified_at": 2021-05-11T02:36:42.962Z,
                "text": "Rem corporis unde amet et minus ad id deserunt nulla. Et sapiente ad quibusdam ut veniam. Repellendus qui accusantium quod consequatur ducimus quia at. Sunt corrupti reprehenderit nesciunt suscipit doloribus.",
              },
              Object {
                "category": 2,
                "created_at": 2020-10-28T13:24:08.041Z,
                "created_by": Object {
                  "id": "238671c5-eeb3-4dytrc8-a5a4-f39fda7de8990e",
                  "name": "Mariana Volkman",
                },
                "headline": "velit deserunt illum",
                "id": "238671c5-eerwewetb3-4dc8-a5a4-f39fda7de8990e",
                "modified_at": 2021-05-11T04:39:05.983Z,
                "text": "Placeat deleniti a et adipisci magnam deserunt in cum modi. Aperiam occaecati dolores dignissimos. Officia tenetur voluptatem temporibus aspernatur non ratione voluptates. Aut vel aperiam dicta libero omnis aliquid neque nesciunt. Delectus dicta autem voluptas culpa sunt facere id.",
              },
              Object {
                "category": 4,
                "created_at": 2021-03-19T10:19:45.748Z,
                "created_by": Object {
                  "id": "238671c5-eebytey3-4dc8-a5a4-f39fda7de8990e",
                  "name": "Dereck Schumm",
                },
                "headline": "id facilis qui",
                "id": "238671c5-eeb3-4dtryeytrc8-a5a4-f39fda7de8990e",
                "modified_at": 2021-05-11T23:25:37.544Z,
                "text": "Vero placeat cum pariatur quo fugit voluptatem quaerat aut ut. Eaque fugit nihil sed. Eos error unde.",
              },
              Object {
                "category": 4,
                "created_at": 2020-11-21T14:51:55.669Z,
                "created_by": Object {
                  "id": "287cd92d-b224-4d73-9a3f-9b6fdfdc26bbbc0f",
                  "name": "Ryan Chase",
                },
                "headline": "et natus culpa",
                "id": "238671c5-eeb3-4dcdsfddsg8-a5a4-f39fda7de8990e",
                "modified_at": 2021-05-11T22:40:33.782Z,
                "text": "Impedit necessitatibus hic nostrum optio quia qui nulla. Quia non rerum neque sunt voluptatem sunt fugiat quae. Cupiditate quo aut. Velit vel eum laudantium.",
              },
            ],
            "created_at": 2020-09-23T03:26:15.147Z,
            "id": "800f3047-0054-4146-ab7a-e06bwewef86f0868",
            "modified_at": 2021-05-11T15:38:32.521Z,
            "name": "Someone Else Broke It Retrio Board",
            "owner_id": "287cd92d-b224-4d73-9a3f-9b6fdfdc26bbbc0f",
            "team_id": "238671c5-eeb3-4dc8-a5a4-f39fda7de8990e",
          },
          Object {
            "cards": Array [
              Object {
                "category": 1,
                "created_at": 2020-08-27T02:30:21.789Z,
                "created_by": Object {
                  "id": "287cd92d-b224-4d73-9a3f-9b6fdfdc26bbbc0f",
                  "name": "Ryan Chase",
                },
                "headline": "numquam vitae laborum",
                "id": "238671c5-eeb3-4asdfafdc8-a5a4-f39fda7de8990e",
                "modified_at": 2021-05-11T13:42:15.093Z,
                "text": "Qui voluptatem iusto excepturi at cupiditate. Ipsum architecto at aut.",
              },
              Object {
                "category": 1,
                "created_at": 2021-01-14T05:59:06.159Z,
                "created_by": Object {
                  "id": "238671c5-eeewrb3-4dc8-a5a4-f39fda7de8990e",
                  "name": "Kacey Dickinson",
                },
                "headline": "dolores voluptas aut",
                "id": "238671c5-eeb3-4qqewqdc8-a5a4-f39fda7de8990e",
                "modified_at": 2021-05-11T23:17:17.860Z,
                "text": "Architecto itaque ipsam vitae aut tenetur adipisci corporis. Quia impedit qui cupiditate et saepe. Sunt sed beatae temporibus beatae est. Est eligendi eius corporis ullam enim. Reiciendis maiores velit facere.",
              },
              Object {
                "category": 1,
                "created_at": 2020-08-15T11:34:06.353Z,
                "created_by": Object {
                  "id": "238671c5jur-eeb3-4dc8-a5a4-f39fda7de8990e",
                  "name": "Earnest Aufderhar",
                },
                "headline": "qui vero voluptates",
                "id": "238671c5-eeb3-4dc8-a5a4-f39rjrjfda7de8990e",
                "modified_at": 2021-05-11T09:51:17.038Z,
                "text": "Voluptatem rerum omnis incidunt eos. Numquam ad officiis nesciunt. Reprehenderit quis magni. Molestiae assumenda nemo vero vel unde voluptatibus et. Ducimus itaque repellat deleniti qui.",
              },
              Object {
                "category": 1,
                "created_at": 2020-07-09T08:11:30.952Z,
                "created_by": Object {
                  "id": "238671c5-eeb3-4jurudc8-a5a4-f39fda7de8990e",
                  "name": "Kenya Stehr",
                },
                "headline": "nihil sint quia",
                "id": "238671c5-eebujrrju3-4dc8-a5a4-f39fda7de8990e",
                "modified_at": 2021-05-11T20:05:55.074Z,
                "text": "Praesentium culpa dolores temporibus fugiat illum dolores nostrum et. Natus qui ut sit aut necessitatibus saepe.",
              },
              Object {
                "category": 2,
                "created_at": 2020-07-25T07:20:53.297Z,
                "created_by": Object {
                  "id": "238671c5-eedasfab3-4dc8-a5a4-f39fda7de8990e",
                  "name": "Lelah Hettinger",
                },
                "headline": "commodi reprehenderit accusamus",
                "id": "238671c5-eeb3-4dc8-a5dafaa4-f39fda7de8990e",
                "modified_at": 2021-05-11T13:17:46.113Z,
                "text": "Et omnis assumenda ut dignissimos animi eveniet dolores quas. Minima explicabo voluptas velit repudiandae sapiente sit et sunt. Corrupti velit fugit ullam.",
              },
              Object {
                "category": 2,
                "created_at": 2020-05-31T04:35:01.607Z,
                "created_by": Object {
                  "id": "238671c5-eeb3-4dytrc8-a5a4-f39fda7de8990e",
                  "name": "Dora Hane",
                },
                "headline": "nulla et vitae",
                "id": "238671c5-eerwewetb3-4dc8-a5a4-f39fda7de8990e",
                "modified_at": 2021-05-11T05:08:34.381Z,
                "text": "Itaque est adipisci omnis ipsum. Dignissimos et fugit voluptas delectus dicta eum amet aut. Facilis a quod soluta dolorem minima possimus odit. Quo voluptas pariatur voluptatibus quia et velit.",
              },
              Object {
                "category": 4,
                "created_at": 2020-11-21T05:00:30.476Z,
                "created_by": Object {
                  "id": "238671c5-eebytey3-4dc8-a5a4-f39fda7de8990e",
                  "name": "Aiyana Dare",
                },
                "headline": "officiis minus et",
                "id": "238671c5-eeb3-4dtryeytrc8-a5a4-f39fda7de8990e",
                "modified_at": 2021-05-11T22:32:45.988Z,
                "text": "Ducimus asperiores porro quaerat laudantium perspiciatis. Animi qui veritatis dolores. Qui neque quasi nihil ex in qui. Itaque est sit quisquam. Impedit quos odit molestias omnis laudantium nostrum.",
              },
              Object {
                "category": 4,
                "created_at": 2020-08-25T20:36:23.994Z,
                "created_by": Object {
                  "id": "287cd92d-b224-4d73-9a3f-9b6fdfdc26bbbc0f",
                  "name": "Ryan Chase",
                },
                "headline": "aut fuga et",
                "id": "238671c5-eeb3-4dcdsfddsg8-a5a4-f39fda7de8990e",
                "modified_at": 2021-05-11T03:52:56.764Z,
                "text": "Alias quo dolor commodi maxime. At eveniet nobis occaecati cum beatae. Ea dignissimos consequatur esse alias facilis amet. Architecto possimus sequi corrupti quasi dolorem odit unde.",
              },
            ],
            "created_at": 2021-04-30T04:10:22.193Z,
            "id": "800f3056-0054-4146-7a-e0qw6bf86f0868",
            "modified_at": 2021-05-11T11:00:00.334Z,
            "name": "Deploy Happy Retrio Board",
            "owner_id": "0c36af8f-4b3j-47ee-9491-c3d6rt396f1136",
            "team_id": "238671c4-eeb3-4ffdc8-a5a4-f39a7de8990j",
          },
        ],
        "cardCategories": Object {
          "1": "What went well",
          "2": "What didn't go well",
          "3": "To try",
          "4": "Shout outs",
        },
        "deleteBoard": [Function],
        "deleteCard": [Function],
        "deleteTeam": [Function],
        "editBoard": [Function],
        "editCard": [Function],
        "editTeam": [Function],
        "loggedInUser": Object {
          "email": "ryan@chasery.com",
          "id": "287cd92d-b224-4d73-9a3f-9b6fdfdc26bbbc0f",
          "name": "Ryan Chase",
        },
        "removeTeamMember": [Function],
        "teams": Array [
          Object {
            "created_at": 2020-08-10T16:30:56.626Z,
            "id": "238671c5-eeb3-4dc8-a5a4-f39fda7de8990e",
            "members": Array [
              Object {
                "email": "ryan@chasery.com",
                "id": "287cd92d-b224-4d73-9a3f-9b6fdfdc26bbbc0f",
                "name": "Ryan Chase",
              },
              Object {
                "email": "Cleveland58@hotmail.com",
                "id": "238671c5-egffeb3-4dc8-a5a4-f39fda7de8990e",
                "name": "Jannie Price",
              },
              Object {
                "email": "Era.VonRueden@hotmail.com",
                "id": "238671c5-easddseb3-4dc8-a5a4-f39fda7de8990e",
                "name": "Jerry Bartoletti",
              },
              Object {
                "email": "Hailee_Larson@yahoo.com",
                "id": "238671c5-eebdsafas3-4dc8-a5a4-f39fda7de8990e",
                "name": "Evert O'Reilly",
              },
              Object {
                "email": "Gabriel80@yahoo.com",
                "id": "238671c5-eeb3-4dghghc8-a5a4-f39fda7de8990e",
                "name": "Matilde Bergnaum",
              },
              Object {
                "email": "Elmira.Tremblay17@yahoo.com",
                "id": "238671c5-eeb3-4dc8fgdg-a5a4-f39fda7de8990e",
                "name": "Bertha Corwin",
              },
            ],
            "modified_at": 2021-05-11T09:26:55.188Z,
            "name": "Someone Else Broke It",
            "owner_id": "287cd92d-b224-4d73-9a3f-9b6fdfdc26bbbc0f",
          },
          Object {
            "created_at": 2021-04-21T03:12:56.441Z,
            "id": "0c36af8f-4b3b-4f7ee-9491-c3d6396f1136",
            "members": Array [
              Object {
                "email": "ryan@chasery.com",
                "id": "287cd92d-b224-4d73-9a3f-9b6fdfdc26bbbc0f",
                "name": "Ryan Chase",
              },
              Object {
                "email": "Savion28@hotmail.com",
                "id": "238asdfas671c5-eeb3-4dc8-a5a4-f39fda7de8990e",
                "name": "Bell Durgan",
              },
              Object {
                "email": "Amparo86@gmail.com",
                "id": "23867dasds1c5-eeb3-4dc8-a5a4-f39fda7de8990e",
                "name": "Roberta Mills",
              },
              Object {
                "email": "Tommie_Johnson@gmail.com",
                "id": "238671c5-eeb3-4ddfsfsc8-a5a4-f39fda7de8990e",
                "name": "Reggie Rath",
              },
              Object {
                "email": "Marilie.Herman33@yahoo.com",
                "id": "238671c5-eeb3-4dcdsafad8-a5a4-f39fda7de8990e",
                "name": "Larissa Jenkins",
              },
              Object {
                "email": "Karina_Veum42@gmail.com",
                "id": "238671c5-eeb3-4dcdsaa8-a5a4-f39fda7de8990e",
                "name": "Rowena Oberbrunner",
              },
            ],
            "modified_at": 2021-05-12T00:54:16.745Z,
            "name": "Team Name Pending",
            "owner_id": "287cd92d-b224-4d73-9a3f-9b6fdfdc26bbbc0f",
          },
          Object {
            "created_at": 2020-10-03T03:04:45.666Z,
            "id": "238671c4-eeb3-4ffdc8-a5a4-f39a7de8990j",
            "members": Array [
              Object {
                "email": "Larue33@hotmail.com",
                "id": "238671c4-eeb3-4dc8-a5addsaadsaa4-f39a7de",
                "name": "Christian Stroman",
              },
              Object {
                "email": "ryan@chasery.com",
                "id": "287cd92d-b224-4d73-9a3f-9b6fdfdc26bbbc0f",
                "name": "Ryan Chase",
              },
              Object {
                "email": "Kayla41@hotmail.com",
                "id": "238671c5-eeewqrqqb3-4dc8-a5a4-f39fda7de8990e",
                "name": "Charlie Mraz",
              },
              Object {
                "email": "Deja_Lehner@gmail.com",
                "id": "238671c5-eeb3-4dfewqc8-a5a4-f39fda7de8990e",
                "name": "Mariana Hayes",
              },
              Object {
                "email": "Dexter.Hermiston@yahoo.com",
                "id": "238671c5-eeb3-4dcytrj8-a5a4-f39fda7de8990e",
                "name": "Kylie Hessel",
              },
              Object {
                "email": "Jonathon_Ratke@gmail.com",
                "id": "238671c5-eeb3-4dgtrgec8-a5a4-f39fda7de8990e",
                "name": "Ardella Harvey",
              },
            ],
            "modified_at": 2021-05-11T11:02:37.384Z,
            "name": "Deploy Happy",
            "owner_id": "238671c4-eeb3-4dc8-a5a4-f39a7de",
          },
        ],
        "throwAway": [Function],
      }
    }
  >
    <Switch>
      <PublicOnlyRoute
        component={[Function]}
        exact={true}
        path="/"
      />
      <PublicOnlyRoute
        component={[Function]}
        exact={true}
        path="/sign-in"
      />
      <PublicOnlyRoute
        component={[Function]}
        exact={true}
        path="/sign-up"
      />
      <PrivateRoute
        component={[Function]}
        exact={true}
        path="/boards"
      />
      <PrivateRoute
        component={[Function]}
        path="/boards/add-board"
      />
      <PrivateRoute
        component={[Function]}
        exact={true}
        path="/boards/:boardId"
      />
      <PrivateRoute
        component={[Function]}
        exact={true}
        path="/boards/:boardId/edit-board"
      />
      <PrivateRoute
        component={[Function]}
        path="/boards/:boardId/add-card"
      />
      <PrivateRoute
        component={[Function]}
        path="/boards/:boardId/card/:cardId"
      />
      <PrivateRoute
        component={[Function]}
        exact={true}
        path="/teams"
      />
      <PrivateRoute
        component={[Function]}
        path="/teams/add-team"
      />
      <PrivateRoute
        component={[Function]}
        exact={true}
        path="/teams/:teamId"
      />
      <PrivateRoute
        component={[Function]}
        path="/teams/:teamId/edit-team"
      />
      <PrivateRoute
        component={[Function]}
        path="/teams/:teamId/add-team-member"
      />
    </Switch>
  </ContextProvider>
</Fragment>
`;
