// Jest Snapshot v1, https://goo.gl/fbAQLP

exports[`ManageTeamList component renders without error 1`] = `
<ul
  className="ManageTeamList"
/>
`;
